 0000:0000       atexit
 0000:0092       reset_keyboard_sound_and_boh
 0000:00A6       aTxt_chv
 0000:00AE       aPmouse_ptr
 0000:00B9       second_pass_initialization
 0000:01EB       aIni_
 0000:01F0       read_ini
 0000:0445       aArcade_pal
 0000:0450       aArcade
 0000:0457       PROGRAM
 0087:0000       aTmp?arc_lzr
 0087:00C5       aTmp_0
 0087:00C9       aArc_lzr_0
 0087:00D1       save_arc_lzr
 0087:0313       aTmp_1
 0087:0317       aArc_lzr_1
 0087:031F       load_arc_lzr
 0087:03E1       aTmp
 0087:03E5       aArc_lzr
 0087:06A4       close_and_delete_arc_lzr
 00F6:0000       capisci_dove_muovere_il_pupo
 00F6:02BB       aSt
 00F6:02C4       a_mic
 00F6:1763       aSt_0
 00F6:1766       a_mic_0
 00F6:1E90       aAnimjoy_tab
 00F6:1E9C       aFrames_tab
 00F6:1EA7       aAnimofs_tab
 00F6:1EB3       aLogitab_tab
 00F6:1EBF       aSostani_tab
 00F6:1ECB       aPrt_
 00F6:1ED0       aUsc_
 00F6:1ED5       aDsp_
 00F6:1EDA       aTr_ele
 00F6:1EE1       load_files
 00F6:21B9       deallocate_files
 0325:0000       set_funcptr_1
 0325:0014       load_mouse_pointer
 0325:0125       deallocate_mouse_pointer
 0325:0314       init_mouse_pointer
 0358:0019       set_funcptr_2
 0358:00B4       rincorsa_bucata
 0358:0AF2       puo_correre
 044F:0136       aPn_
 044F:013A       aK
 044F:013C       load_image_file
 046F:070B       possibly_draw_status_or_map
 046F:075D       aSwi_
 046F:0762       load_swi
 046F:0962       aGsa_
 046F:0967       load_gsa
 046F:0DA3       aPtx_
 046F:0DA8       load_second_pti
 046F:0E84       deallocate_ptx
 046F:0EA4       get_two_strings_for_explanation
 046F:0FCB       render_context_explanation
 046F:101C       render_key_help
 046F:10BB       draw_highlight_under_active_objects
 046F:11AC       init_func_pointers
 0592:0000       aWarningPtiLine
 0592:0013       aNotFound
 0592:001D       get_pti_string
 0592:00B5       aGame_dirPtxTex
 0592:00CA       open_text_pti_file
 0592:011F       close_current_pti_file
 05A7:0000       pti__get_size_on_disk_of_item
 05A7:0020       pti__get_halfsize_on_memory_of_item
 05A7:0040       get_pti_item_and_decrypt
 05A7:0179       load_pti_file
 05A7:0274       close_pti_file
 05A7:02C8       get_pti_line
 05A7:0369       get_line_ptr
 05A7:041A       pti_file_item_get_size_in_memory
 05A7:043A       pti__get_first_line_of_next_item
 05A7:045A       pti__get_first_line_of_this_item
 05A7:047A       search_line_and_load_a_different_item_if_needed
 0605:0005       stringify_word
 0605:0257       aAn
 0605:025A       a_pla
 0605:0314       pointer_string_to_value
 0605:0482       init_mouse
 0605:052F       aSwapgameSwivar
 0605:059B       aSwapgameSwiv_0
 0605:05AF       read_swivar_0
 0605:0609       aSimulmondo
 0605:0615       a10c
 0605:0619       aSwapgame
 0605:0634       parse_linkage_area
 0605:0A02       aNone
 0605:0A07       send_things_back_to_manager
 0605:0AE2       set_arc_lzr_handling_funcs
 0605:0B37       aGame_dir
 06BB:0000       reset_mouse
 06BB:0010       position_mouse
 06BB:0022       mouse_status
 06BB:0061       set_mouse_range
 06BB:0096       mouse_button_status
 06BB:00BD       init_mouse_click
 06C8:00AA       aPu_
 06C8:00AE       load_pu
 06C8:01CC       aUcci
 06C8:01D1       a_tab
 08FA:002B       aNumeri
 08FA:0032       aStatus
 08FA:0039       load_numeri_and_status_ele
 08FA:00D4       deallocate_numeri_status_ele
 08FA:0603       check_if_thing_is_present_in_logi_tab
 0961:0000       aRoom
 0961:0005       a_irm
 0961:000A       load_room_irm
 0961:0109       deallocate_room_irm_and_buffer_mat
 0961:0148       aBuffer
 0961:014F       a_mat
 0961:0154       load_buffer_mat
 0961:0244       maybe_render_background
 0961:03A4       init_room_array
 0961:03E1       a_roe
 0961:03E6       get_room_from_files
 0961:05E6       diviso_16__massimo_13h
 0961:0602       diviso_10__massimo_14h
 0961:061E       get_data_from_array_13_14
 0961:0685       reset_array_for_bobs_in_backgroud
 0961:071D       add_bob_per_background
 0961:0ACF       deallocate_bobs_in_bg
 0961:0B64       render_bobs_in_background
 0961:0C60       initialize_room_irm_and_buffer_mat
 0A2B:000B       empty_func
 0A2D:0000       uppercase_string
 0A2D:0080       copy_line_to_pascalstring
 0A2D:00D5       pascal_string_to_cstring
 0A2D:0138       add_offset_to_ptr
 0A2D:01A4       allocate_memory
 0A2D:01FF       deallocate_memory
 0A2D:0247       store_far_pointer
 0A2D:026C       fix_ele_relocation
 0A2D:034B       load_font
 0A2D:04C4       deallocate_font
 0A2D:04FC       get_text_width
 0A2D:05F9       render_string
 0A2D:0711       set_deinits
 0A2D:0732       halt_with_error
 0A2D:07A8       ensure_file
 0A2D:07E8       delete_arc_lzr
 0A2D:084E       aUcc
 0A2D:0853       aImg
 0A2D:0858       aFil
 0A2D:085D       aMus
 0A2D:0862       aMap
 0A2D:0867       aSta
 0A2D:086C       aFnt
 0A2D:0871       aLnp
 0A2D:0BAC       joystick_in_pause
 0A2D:0C23       draw_pause_string
 0A2D:0F06       debug_ISR
 0A2D:102D       set_debug_isr
 0A2D:1050       a_ele
 0A2D:1055       load_ele)file
 0A2D:117A       block_read_entire_file
 0A2D:12C2       set_atexit
 0A2D:1304       disable_debugging_interrupts
 0A2D:1311       wait_vsync
 0A2D:131F       ele_item_get_width_height
 0A2D:1435       clear_screen
 0A2D:1B8E       render_ele
 0C64:0000       keyboard_isr
 0C64:01F7       install_keyboard_isr
 0C64:0210       set_old_keyboard_ISR
 0C64:0229       reset_keyboard
 0C64:0287       get_old_keyboard_ISR
 0C8F:059F       palette_mangling
 0C8F:0758       a_pal
 0C8F:075D       load_palette
 0C8F:0916       select_palette
 0C8F:09D6       install_palette
 0D33:0000       old_timer_ISR
 0D33:0006       saved_bx
 0D33:0008       saved_dx
 0D33:000A       timer_counter
 0D33:000E       need_to_restore_old_ISR
 0D33:000F       increment_timer_counter
 0D33:0010       timer_counter_2
 0D33:0012       need_to_turn_speaker_off
 0D33:0013       need_to_turn_speaker_on
 0D33:0014       sound_data_ptr
 0D33:0018       timer_ISR
 0D33:00D1       install_timer_isr
 0D33:0110       restore_sound
 0D33:014A       init_timer_counter
 0D33:0155       get_timer_counter
 0D33:015F       disable_timer_counter
 0D33:0166       enable_timer_counter
 0D33:017D       wait_for_counter_2
 0D4C:0000       @__CRTInit$qv
 0D4C:002E       unknown_libname_1
 0D4C:016B       @TEXTMODE$q7INTEGER
 0D4C:0180       @WINDOW$q4BYTEt1t1t1
 0D4C:01C0       @CLRSCR$qv
 0D4C:01DA       @CLREOL$qv
 0D4C:01EE       @INSLINE$qv
 0D4C:01F3       @DELLINE$qv
 0D4C:0213       @GOTOXY$q4BYTEt1
 0D4C:023F       @WHEREX$qv
 0D4C:024B       @WHEREY$qv
 0D4C:0257       @TEXTCOLOR$q4BYTE
 0D4C:0271       @TEXTBACKGROUND$q4BYTE
 0D4C:0289       @LOWVIDEO$qv
 0D4C:028F       @HIGHVIDEO$qv
 0D4C:0295       @NORMVIDEO$qv
 0D4C:029C       @DELAY$q4WORD
 0D4C:02C7       @SOUND$q4WORD
 0D4C:02F4       @NOSOUND$qv
 0D4C:02FB       @KEYPRESSED$qv
 0D4C:030D       @READKEY$qv
 0D4C:032F       @ASSIGNCRT$qm4TEXT
 0DAE:0000       @GetDate$qm4Wordt1t1t1
 0DAE:0022       @SetDate$q4Wordt1t1
 0DAE:0036       @GetTime$qm4Wordt1t1t1
 0DAE:005B       @SetTime$q4Wordt1t1t1
 0DAE:0072       @FINDFIRST$q7PATHSTR4WORDm9SEARCHREC
 0DAE:00B0       @FINDNEXT$qm9SEARCHREC
 0DAE:00ED       @GetIntVec$q4Bytem7Pointer
 0DAE:0105       @SetIntVec$q4Byte7Pointer
 0DC0:0000       @__SystemInit$qv
 0DC0:00E9       @Halt$q4Word
 0DC0:01F0       a456789?uruntim
 0DC0:023F       @Assign$qm4Textm6String
 0DC0:0284       @SetTextBuf$qm4Textm3Any4Word
 0DC0:02AF       @Reset$qm4Text
 0DC0:02B4       @Rewrite$qm4Text
 0DC0:02B9       @Append$qm4Text
 0DC0:0305       @Flush$qm4Text
 0DC0:0309       @Close$qm4Text
 0DC0:04C0       __GetEntry
 0DC0:04E4       __GetChar
 0DC0:0500       __PutEntry
 0DC0:0524       __PutChar
 0DC0:0564       @ReadLn$qm4Text
 0DC0:0592       @WriteLn$qm4Text
 0DC0:05B6       @Write$qm4Text
 0DC0:05E0       @Read$qm4Textm6String4Word
 0DC0:0618       @Write$qm4Textm6String4Word
 0DC0:0656       @$basg$qm3Anyt14Word
 0DC0:066E       @Sqr$q7Longint
 0DC0:0672       @$brmul$q7Longintt1
 0DC0:068D       @$brdiv$q7Longintt1
 0DC0:06FB       @$brrsh$q7Longint7Integer
 0DC0:0707       @$brlsh$q7Longint7Integer
 0DC0:0713       @Abs$q7Longint
 0DC0:0722       @$basg$qm6Stringt1
 0DC0:073C       @$basg$qm6Stringt14Byte
 0DC0:0760       @Length$qm6String
 0DC0:076E       @Copy$qm6Stringt17Integert3
 0DC0:07AF       @Concat$qm6Stringt1
 0DC0:07DB       @Pos$qm6Stringt1
 0DC0:0827       @$bsub$qm6Stringt1
 0DC0:0852       @$basg$qm6String4Char
 0DC0:0864       @$basg$qm6Stringn4Char4Byte
 0DC0:087F       @Insert$qm6Stringt14Word7Integer
 0DC0:08D3       @Delete$qm6String7Integert2
 0DC0:0929       @Set@$bctr$qn4Byte4Word
 0DC0:0953       @Set@Clear$qv
 0DC0:0962       @Set@$brplu$q4Byte
 0DC0:0983       @Set@$brplu$q4Bytet1
 0DC0:09B7       @Set@$bctr$qm3Set4Word
 0DC0:09D7       @Set@MemberOf$q4Byte
 0DC0:09F8       @$brplu$qm3Sett1
 0DC0:0A14       @$brmin$qm3Sett1
 0DC0:0A32       @$brmul$qm3Sett1
 0DC0:0A4E       @$beql$qm3Sett1
 0DC0:0A65       @$bgeq$qm3Sett1
 0DC0:0A83       __Int2Str
 0DC0:0AFD       __Str2Int
 0DC0:0B95       @Str$q7Longint4Wordm6String4Byte
 0DC0:0BE0       @Val__Longint$qm6Stringm7Integer
 0DC0:0C11       @Assign$qm4Filem6String
 0DC0:0C3F       @Reset$qm4File4Word
 0DC0:0C48       @Rewrite$qm4File4Word
 0DC0:0CA4       @Truncate$qm4File
 0DC0:0CC0       @Close$qm4File
 0DC0:0CF4       @Read$qm4Filem3Any
 0DC0:0CFB       @Write$qm4Filem3Any
 0DC0:0D2A       @BlockRead$qm4Filem3Any4Wordm4Word
 0DC0:0D31       @BlockWrite$qm4Filem3Any4Wordm4Word
 0DC0:0D92       @Seek$qm4File7Longint
 0DC0:0DC2       @FilePos$qm4File
 0DC0:0DD9       @FileSize$qm4File
 0DC0:0DF4       @Eof$qm4File
 0DC0:0E4E       @Erase$qm4File
 0DC0:0E65       @Rename$qm4Filem6String
 0DC0:0EB4       @Move$qm3Anyt14Word
 0DC0:0ED7       @FillChar$qm3Any4Word4Byte
 0DC0:0EEB       @ParamStr$qm6String4Word
 0DC0:0F3A       @ParamCount$qv
 0DC0:0F73       @UpCase$q4Char
 0EB9:0100       highlight_frame_nr
 0EB9:0102       good_line_ptr
 0EB9:0108       error_strings
 0EB9:0828       context_explanation2
 0EB9:082A       context_explanation1
 0EB9:082C       must_quit
 0EB9:0832       arc_lzr_filehandle
 0EB9:08B2       arc_lzr_filename
 0EB9:0900       dsp_file_content
 0EB9:0904       usc_file_content
 0EB9:0908       prt_file_content
 0EB9:090C       sostani_file_content
 0EB9:0910       logi_tab_file_content
 0EB9:0914       animofs_tab_file_content
 0EB9:0918       animjoy_tab_file_content
 0EB9:091C       frames_tab_file_content
 0EB9:0920       dsp_file
 0EB9:0924       usc_file
 0EB9:0928       prt_file
 0EB9:092C       sostani_file
 0EB9:0934       animjoy_tab_file
 0EB9:093C       dsp_file_size
 0EB9:093E       usc_file_size
 0EB9:0940       prt_file_size
 0EB9:0942       sostani_file_size
 0EB9:0944       logi_tab_file_size
 0EB9:0946       animofs_tab_file_size
 0EB9:0948       animjoy_tab_file_size
 0EB9:094A       frames_tab_file_size
 0EB9:094D       thing_to_load_from_tr_ele
 0EB9:095E       tr_ele_file
 0EB9:0962       tr_ele_file_size
 0EB9:096A       tr_ele_file_content
 0EB9:0974       capisci_dove_muovere_il_pupo_ptr
 0EB9:0980       mouse_pointer_file_size
 0EB9:0982       mouse_pointer_file_content
 0EB9:0986       mouse_pointer_file_1
 0EB9:098A       mouse_pointer_file_2
 0EB9:098E       mouse_pointer_file_3
 0EB9:0992       mouse_x
 0EB9:0994       mouse_y
 0EB9:28DA       tabella_14h14h
 0EB9:2A84       first_word_of_loaded_image_block
 0EB9:2A88       ele_filename
 0EB9:2A8A       ele_file_content
 0EB9:2A8E       swi_filesize
 0EB9:2A90       gsa_filesize
 0EB9:2A92       ptxfilesize
 0EB9:2A94       ptx_buffer
 0EB9:2A98       gsa_buffer
 0EB9:2A9C       gsa_element_pointers
 0EB9:2B98       swi_buffer
 0EB9:2B9C       swi_element_pointers
 0EB9:2CBC       current_pti_file_ptr
 0EB9:2CC0       swivar_block_1_ptr
 0EB9:2D40       close_arc_lzr_file
 0EB9:2D44       load_arc_lzr_file
 0EB9:2D48       before_second_exit_to_manager
 0EB9:2D4C       save_arc_lzr_file
 0EB9:2D50       linkage_area_in_manager
 0EB9:2D54       settings
 0EB9:2DB8       prev_button_status
 0EB9:2DC0       pu_file_content
 0EB9:2DC4       pu_file_size
 0EB9:2DCC       ucci_file_size
 0EB9:2DDA       ucci_ptr_buffer
 0EB9:2EEE       swivar_block_2_ptr
 0EB9:2EF2       invocation_was_correct
 0EB9:2F0C       first_word_of_status_ele_block
 0EB9:2F10       first_word_of_numeri_ele_block
 0EB9:2F14       logi_tab_file
 0EB9:2F18       palette_mangling_counter
 0EB9:2F30       status_ele_file_content
 0EB9:2F34       numeri_ele_file_content
 0EB9:2F3A       status_ele_filesize_minus_header
 0EB9:2F3C       numeri_ele_filesize_minus_header
 0EB9:2F50       current_room_number
 0EB9:2F51       previous_room_number
 0EB9:2F54       ROOM__room_string
 0EB9:3448       room_array_maybe
 0EB9:376C       buffer_mat_content
 0EB9:3770       buffer_mat_content_1
 0EB9:3774       buffers_for_bobs
 0EB9:383C       tr_ele_items_bobs_background
 0EB9:3904       sizeof_bobs_in_bg
 0EB9:3968       bob_background_palette_start
 0EB9:399A       bob_background_maybe_flip
 0EB9:39CC       bob_background_arg0
 0EB9:3AF8       bob_background_Y
 0EB9:3B5C       bob_background_X
 0EB9:3BC0       nr_bobs_per_background
 0EB9:3BC2       room_irm_filename
 0EB9:3C0A       room_irm_size
 0EB9:3C10       room_irm_file_content
 0EB9:3C14       current_buffer_mat_item
 0EB9:3C16       i
 0EB9:3D20       video_buffer
 0EB9:3D2A       language
 0EB9:3D2E       pti_string_PAUSA
 0EB9:3D74       game_dir_path
 0EB9:414B       mouse_inited
 0EB9:4152       debug_trace_ISR
 0EB9:4166       loaded_font_buffer
 0EB9:416A       loaded_font_buffer_size
 0EB9:416C       loaded_font
 0EB9:4170       first_char_in_font
 0EB9:4171       last_char_in_font
 0EB9:4172       space_width
 0EB9:4174       loaded_font_filename
 0EB9:4274       deinit_2
 0EB9:4278       deinit_1
 0EB9:42A3       is_old_keyboard_ISR
 0EB9:42A4       up_pressed
 0EB9:42A5       down_pressed
 0EB9:42A6       left_pressed
 0EB9:42A7       right_pressed
 0EB9:42A8       home_pressed
 0EB9:42A9       end_pressed
 0EB9:42AA       pgup_pressed
 0EB9:42AB       pgdown_pressed
 0EB9:42AF       j_pressed
 0EB9:42B1       l_shift_pressed
 0EB9:42B2       r_shift_pressed
 0EB9:42B3       l_pressed
 0EB9:42B4       s_pressed
 0EB9:42B5       p_pressed
 0EB9:42B6       esc_pressed
 0EB9:42B8       n_pressed
 0EB9:42B9       u_pressed
 0EB9:42BA       h_pressed
 0EB9:42BB       enter_pressed
 0EB9:42BF       m_o_comma_pressed
 0EB9:42C0       i_pressed
 0EB9:42C2       old_keyboard_ISR
 0EB9:42C6       pressed
 0EB9:42C7       keycode
 0EB9:42D2       first_byte_of_palette_files
 0EB9:42D8       second_byte_of_palette_files
 0EB9:42E2       palette_copy
 0EB9:45E4       palette_to_install
 0EB9:5AE2       palettes
 0EB9:6D94       DOS_ERROR

Program entry point at 0000:0457
