020E:0000 empty_string_3
020E:0001 setup_graphics_and_sound
020E:0070 at_exit
020E:00AC aGameover_pla
020E:00BA play_gameover_pla
020E:00E4 aLogo_pla
020E:00EE aIntro_pla
020E:00F9 play_logo_and_intro
020E:0147 aErroreNumero
020E:0156 aPremiEnterPerU
020E:016D empty_string_2
020E:016E PROGRAM
0244:0000 fill_linkage_area
0244:01C6 aCods
0244:01CC a_exe
0244:01D3 call_task_exe
0271:0000 a0000
0271:01C8 fill_interface_struct_to_player_exe
0271:0374 clean_interface_to_player
0271:042E aWarnings
0271:0437 aSampleNotFound
0271:0448 aInterfaceVersi
0271:0463 aCheckStringMis
0271:0479 aTokenNotFound
0271:0489 aFontNotFound
0271:0498 aFile_aniNotFou
0271:04AD aUnknownCommand
0271:04BD aFatalError
0271:04C9 aErrorSettings
0271:04D8 aSaveFileNotFou
0271:04EC aInsufficentMem
0271:0501 get_error_string
0271:064D aCodsPlayer_exe
0271:0660 call_player_exe
02E6:0000 aCSimul@_sys
02E6:0010 aIt
02E6:0013 aInstallInst_ma
02E6:0027 aLongtit
02E6:0039 load_simulXXX_sys
02E6:05F6 aAaaa_smn_1st
02E6:0603 header_simul_aaaa_1st
02E6:061C aGame_type
02E6:0626 aZoomSat
02E6:062F aPlayArc
02E6:0638 a1st_task
02E6:0641 aArc
02E6:0645 aPlr
02E6:0649 aMcr
02E6:064D aTask_par
02E6:0658 a_
02E6:065A aMng_mus
02E6:0663 a_mic
02E6:0668 load_and_parse_aaaa_smn_1st
02E6:099E prepare_to_play_pla_files
02E6:0A10 aSavegameSav0mn
02E6:0A21 a_sim
02E6:0A26 load_all_savegames
02E6:0C14 aSwapgameTmp???
02E6:0C29 aSavegameSav
02E6:0C36 a_sim_0
02E6:0C3B aSwapgame
02E6:0C45 aComspec
02E6:0C4D aCCopy
02E6:0C58 aNul
02E6:0D97 aSavegameSav???
02E6:0DA8 a_sim_1
02E6:0DAD aSav0mng
02E6:0DB5 aSwapgameTmp
02E6:0DC2 a_lzr
02E6:0DC7 aSavegame
02E6:0DD1 aComspec_0
02E6:0DD9 aCCopy_0
02E6:0DE4 aNul_0
02E6:0F7B aSavegameSav0_0
02E6:0F8C a_sim_2
02E6:0F91 save_game_to_file
02E6:109B aSavegameSav0_1
02E6:10AC a_sim_3
02E6:10B1 load_game_from_file
02E6:114E deallocate_savegame_buffers
02E6:11AC save_game
02E6:1327 load_game
02E6:14CE some_sound_things
02E6:152B initialize_mouse
02E6:157B aManager
02E6:1659 aManager_cfg
02E6:1665 save_configuration
02E6:170E aManager_cfg_0
02E6:171B load_and_apply_configuration
02E6:18E5 sound_menu
02E6:2163 aCharyes
02E6:216B aCharno
02E6:2261 aManager_0
02E6:2269 aGame_dirFntMan
02E6:22A2 main_menu
02E6:26BB cleanup_after_gameover
02E6:26CA set_playlogointro_function_ptr
05A8:06F9 a_pal
05A8:06FE load_palette_file
05A8:08B7 copy_and_install_palette
05A8:0977 install_palette
0646:0000 load_chv
0646:018F set_text_spacing
0646:01A8 get_width_of_string
0646:02A5 draw_string
0646:03A9 draw_centered_string
0646:0533 boh_object_constructor
0646:05D4 add_string_in_bigobject
0646:06D6 set_two_fiels_of_boh_object
0646:0789 boh_object_set_somearray_value
0646:07B7 set_func_ptr_in_bigobject
0646:0D1F run_menu
0646:15A3 set_mouse_enabled
07A8:0000 keyboard_vector
07A8:01A5 install_keybard_interrupt
07A8:01BE restore_old_keyboard_interrupt
07A8:01D7 init_keyboard_status
07A8:0223 init_keyboard
07CD:0000 write_task_stack
07CD:0037 load_task_stack
07CD:006E set_task_stack
07CD:008A push_task_to_stack
07CD:00AE pop_task_stack
07CD:00B7 get_top_of_task_stack
07CD:00E4 init_task_stack
07DC:0000 configuration_set_defaults
07DC:010D initialize_first_block_swivar
07DC:0134 initialize_second_block_swivar
07DC:0155 write_swivar
07DC:0187 read_swivar_from_file
07DC:01B9 aSwapgameSwivar
07DC:01CD create_swivar_tmp_file
07DC:0223 aSwapgameSwiv_0
07DC:0237 read_swivar
07DC:0297 aSwapgameSwiv_1
07DC:02AB remove_swivar_file
07DC:02FA aSwapgameTmp?_0
07DC:030F aSwapgame_0
07DC:0319 remove_tmp_XXXX_lzr
07DC:038B aSavegameSav?_0
07DC:039C a_sim_4
07DC:03A1 aSavegame_0
07DC:0455 aSavegameSav?_1
07DC:046B count_savegames
08A0:0000 aWarningPtiLine
08A0:001C get_line_from_pti
08A0:0080 aGame_dirPtxTex
08A0:0095 load_text_pti
08A0:00F3 empty_string
08A0:00F4 close_pti_file
08A0:0119 aWarningPtiLi_0
08A0:0135 get_string_from_install_man_pti
08A0:0199 load_install_man_kit
08C1:0000 get_buffer_size_for_item_in_pti
08C1:0020 get_size_in_memory
08C1:0040 load_a_pti_item
08C1:0179 create_pti_object
08C1:0369 expand_string
08C1:041A pti_item__get_size_in_memory
08C1:047A get_string_id
091F:001A mouse_reset
091F:002A position_mouse_cursor
091F:007B mouse_define_range
092B:0000 add_offset_to_ptr
092B:003E empty_string_0
092B:003F allocate_memory
092B:0099 empty_string_1
092B:009A deallocate_memory
092B:012C a0000_0
092B:0131 create_string_from_ptr
092B:0262 check_if_file_not_found
092B:02B6 file_exists
092B:02F0 aError
092B:02F8 aPressEnterToCo
092B:0310 exit_with_error
092B:041A setup_screen_bounds_static_vars
092B:04CB fill_screen_with_color
092B:0ABC row_loop
092B:0ABF row_part_loop
092B:0AE1 colors_loop
092B:0AF5 check_spare_color
092B:0AFF end_color
092B:0B07 consume_ff
092B:0B24 next_row
092B:0C61 draw_glyph
0A8C:005E a__0
0A8C:0060 a_mic_0
0A8C:0065 aGame_dirIns
0A8C:0073 aGame_dirMus
0A8C:0088 simulsound_boh
0A8C:0387 allocate_sound_buffer_for_gametype
0A8C:03AB deallocate_simulsound
0A8C:03F2 timer_interrupt_routine
0A8C:045B init_dos_timer
0C8A:00A6 SwapVectors(void)
0C8A:0093 SetIntVec(Byte,Pointer)
0D0B:0000 __SystemInit(void)
0C8A:00DF Exec(PathStr,ComStr)
0C8A:0173 DosExitCode(void)
0C8A:0178 GetEnv(String)
0CA9:0000 __CRTInit(void)
0CA9:002E unknown_libname_1
0CA9:016B TEXTMODE(INTEGER)
0CA9:0180 WINDOW(BYTE,BYTE,BYTE,BYTE)
0CA9:01C0 CLRSCR(void)
0CA9:01DA CLREOL(void)
0CA9:01EE INSLINE(void)
0CA9:01F3 DELLINE(void)
0CA9:0213 GOTOXY(BYTE,BYTE)
0CA9:023F WHEREX(void)
0CA9:024B WHEREY(void)
0CA9:0257 TEXTCOLOR(BYTE)
0CA9:0271 TEXTBACKGROUND(BYTE)
0CA9:0289 LOWVIDEO(void)
0CA9:028F HIGHVIDEO(void)
0CA9:0295 NORMVIDEO(void)
0CA9:029C DELAY(WORD)
0CA9:02C7 SOUND(WORD)
0CA9:02F4 NOSOUND(void)
0CA9:02FB KEYPRESSED(void)
0CA9:030D READKEY(void)
0D0B:00E9 Halt(Word)
0D0B:04DF __StackCheck(Word)
0D0B:01F0 a456789?uruntim
0D0B:023F GetMem(Word)
0D0B:029C MemAvail(void)
0D0B:02B8 MaxAvail(void)
0D0B:0308 __NewMemory
0D0B:03D3 __DisMemory
0D0B:04A2 IOResult(void)
0D0B:04A9 __IOCheck(void)
0D0B:04F5 Object::Object(Word)
0D0B:0539 Object::~Object(Word)
0D0B:0589 __MethodCheck(Pointer)
0D0B:083E __GetChar
0D0B:081A __GetEntry
0D0B:085A __PutEntry
0D0B:087E __PutChar
0D0B:0D4E Set::Clear(void)
0D0B:0A69 Sqr(Longint)
0D0B:0A6D operator*=(Longint,Longint)
0D0B:0A88 operator/=(Longint,Longint)
0D0B:0AF6 operator>>=(Longint,Integer)
0D0B:0B02 operator<<=(Longint,Integer)
0D0B:0B0E Abs(Longint)
0D0B:0DD2 Set::MemberOf(Byte)
0D0B:0D5D Set::operator+=(Byte)
0D0B:0D7E Set::operator+=(Byte,Byte)
0D0B:12E6 UpCase(Char)
0D0B:0EF8 __Str2Int
0D0B:0E7E __Int2Str
0E3B:0002 task_runners_definitions
0E3B:00D4 aSimulmondo
0E3B:00E0 a10c
0E3B:0104 aCfgv100
0E3B:0120 error_strings
0E3B:06D2 pIdSimSound_cV1
0E3B:07CD aIdSimsound_cV1
0E3B:07F2 a4337VcExp
0E3B:0844 exit
0E3B:0846 task_to_push
0E3B:0848 task_number
0E3B:0852 param_header
0E3B:085C param_version
0E3B:085F param_language_string
0E3B:0867 param_settings
0E3B:086D param_backbuffer_segment
0E3B:0877 param_settings_size
0E3B:08C6 error_from_player_struct
0E3B:08C8 interface_version_mismatch
0E3B:08C9 check_string_mismatch
0E3B:08CA token_not_found
0E3B:08CB font_not_found
0E3B:08CC insufficient_memory
0E3B:08CD file_ani_not_found
0E3B:08CE unknown_command
0E3B:08D0 sample_not_found
0E3B:08D2 fatal_error
0E3B:08D3 error_settings
0E3B:08D4 save_game_not_found
0E3B:08D5 warnings_count
0E3B:08F4 simulmondo_interaface_to_player
0E3B:0979 result_from_external_task
0E3B:097C game_type_is_zoom_sat
0E3B:097E call_playlogointro
0E3B:0983 savegames_count
0E3B:0984 type_1st_task
0E3B:0986 pla_file_to_load
0E3B:09CC mic_file_name_loaded_from_aaaa_1st
0E3B:0A16 savegame_buffers
0E3B:0A3A buffer_from_savegame
0E3B:0A5A savegame_names
0E3B:0B02 buffer
0E3B:0B04 savegame_buffer_size
0E3B:0E1E first_color_in_palette
0E3B:0E24 number_of_colors_in_palette
0E3B:38EC mouse_enabled
0E3B:38EE chv_buffer_ptr
0E3B:38F2 loaded_chv_file_size
0E3B:38F4 chv_buffer_without_header
0E3B:38F8 chv_first_character_asciicode
0E3B:38F9 chv__last_character_asciicode
0E3B:38FA chv__space_width
0E3B:38FB additional_spacing
0E3B:38FC current_chv_installed
0E3B:39FC esc
0E3B:39FE key_up
0E3B:39FF key_down
0E3B:3A00 key_left
0E3B:3A01 key_right
0E3B:3A02 key_home
0E3B:3A03 key_end
0E3B:3A04 key_pgup
0E3B:3A05 key_pgdown
0E3B:3A08 key_space
0E3B:3A09 key_j
0E3B:3A0A key_rshift
0E3B:3A0B key_lshift
0E3B:3A0D key_p
0E3B:3A0E key_esc
0E3B:3A11 key_enter
0E3B:3A16 old_keyboard_interrupt
0E3B:3A1A key_pressed
0E3B:3A1B keyboard_output_register
0E3B:3A1C task_stack_size
0E3B:3A1E task_stack
0E3B:3BAE sound_card_model
0E3B:3BAF second_cfg_byte
0E3B:3BB0 first_cfg_byte
0E3B:3BB1 third_cfg_byte
0E3B:3BB2 fourth_cfg_byte
0E3B:3BB4 first_block_swivar
0E3B:4BB4 second_block_swivar
0E3B:4BF6 backbuffer_ptr
0E3B:4BFA settings
0E3B:4C6E install_man_kit_pti_object
0E3B:4C72 text_k_pti_object
0E3B:4C7A language_string
0E3B:4D22 backbuffer_segment
0E3B:4D24 x1
0E3B:4D26 y1
0E3B:4D28 x2
0E3B:4D2A y2
0E3B:4D2C current_pla_file_path
0E3B:4E02 h
0E3B:4E4C simulsound_buffer_for_gametype
0E3B:4E52 sizof_simulsound_buffer_for_game_type
0E3B:4F6E some_sort_of_errno
